{
  "levels": [
    1,
    20,
    21,
    40,
    41,
    60,
    61,
    80,
    81,
    100
  ],
  "seeds": 65536,
  "namesChecked": 655360,
  "errors": [],
  "maxLength": 19,
  "longestName": "忘れられた乾きの墓所の地図 Lv.20",
  "themeCounts": {
    "crystal": 6606,
    "magic": 6532,
    "yellow": 6611,
    "black": 6554,
    "blue": 6569,
    "water": 6569,
    "green": 6526,
    "red": 6556,
    "slate": 6376,
    "torture": 6637
  },
  "prefixes": [
    [
      "古びた",
      "霞む",
      "静寂の",
      "寂れた",
      "朽ちかけた",
      "淡き",
      "忘れられた"
    ],
    [
      "淀んだ",
      "歪んだ",
      "陰鬱な",
      "かすれた",
      "彷徨う",
      "翳りし",
      "不穏なる"
    ],
    [
      "禍々しき",
      "血染めの",
      "狂える",
      "蝕まれた",
      "荒れ果てた",
      "異形の",
      "忌まわしき"
    ],
    [
      "猛き",
      "深淵の",
      "烈なる",
      "破滅の",
      "猛威の",
      "奈落の",
      "凶兆の"
    ],
    [
      "終焉の",
      "災厄の",
      "冥府の",
      "忘却の",
      "滅びの",
      "虚無の",
      "深奥の"
    ]
  ],
  "locations": {
    "slate": [
      "石廊",
      "岩窟",
      "石牢",
      "灰廊",
      "岩宮",
      "石窟"
    ],
    "magic": [
      "魔導廟",
      "秘儀殿",
      "魔術廊",
      "星辰堂",
      "秘術宮",
      "魔導塔"
    ],
    "torture": [
      "刑廊",
      "拷問廟",
      "苦界",
      "刑獄",
      "責苦殿",
      "血獄"
    ],
    "red": [
      "炎窟",
      "灼炉",
      "火葬坑",
      "熔岩廊",
      "火焔宮",
      "灼熱洞"
    ],
    "blue": [
      "氷窟",
      "霜廟",
      "凍宮",
      "氷牢",
      "霜洞",
      "凍結殿"
    ],
    "green": [
      "樹海",
      "翠廊",
      "苔宮",
      "深森",
      "緑窟",
      "翠宮"
    ],
    "yellow": [
      "砂墓",
      "砂廊",
      "黄塵窟",
      "砂宮",
      "流砂洞",
      "乾きの墓所"
    ],
    "water": [
      "水廊",
      "水没宮",
      "蒼淵",
      "沈殿廟",
      "深水洞",
      "沈みの宮"
    ],
    "crystal": [
      "晶窟",
      "晶廊",
      "玻璃宮",
      "結晶殿",
      "晶宮",
      "水晶洞"
    ],
    "black": [
      "黒廟",
      "影廊",
      "暗獄",
      "冥窟",
      "黒宮",
      "常闇洞"
    ]
  },
  "seed12345": [
    {
      "level": 1,
      "name": "朽ちかけた晶宮の地図 Lv.1",
      "prefix": "朽ちかけた",
      "location": "晶宮",
      "themeId": "crystal",
      "band": 0
    },
    {
      "level": 20,
      "name": "朽ちかけた晶宮の地図 Lv.20",
      "prefix": "朽ちかけた",
      "location": "晶宮",
      "themeId": "crystal",
      "band": 0
    },
    {
      "level": 21,
      "name": "彷徨う晶宮の地図 Lv.21",
      "prefix": "彷徨う",
      "location": "晶宮",
      "themeId": "crystal",
      "band": 1
    },
    {
      "level": 40,
      "name": "彷徨う晶宮の地図 Lv.40",
      "prefix": "彷徨う",
      "location": "晶宮",
      "themeId": "crystal",
      "band": 1
    },
    {
      "level": 41,
      "name": "荒れ果てた晶宮の地図 Lv.41",
      "prefix": "荒れ果てた",
      "location": "晶宮",
      "themeId": "crystal",
      "band": 2
    },
    {
      "level": 60,
      "name": "荒れ果てた晶宮の地図 Lv.60",
      "prefix": "荒れ果てた",
      "location": "晶宮",
      "themeId": "crystal",
      "band": 2
    },
    {
      "level": 61,
      "name": "猛威の晶宮の地図 Lv.61",
      "prefix": "猛威の",
      "location": "晶宮",
      "themeId": "crystal",
      "band": 3
    },
    {
      "level": 80,
      "name": "猛威の晶宮の地図 Lv.80",
      "prefix": "猛威の",
      "location": "晶宮",
      "themeId": "crystal",
      "band": 3
    },
    {
      "level": 81,
      "name": "滅びの晶宮の地図 Lv.81",
      "prefix": "滅びの",
      "location": "晶宮",
      "themeId": "crystal",
      "band": 4
    },
    {
      "level": 100,
      "name": "滅びの晶宮の地図 Lv.100",
      "prefix": "滅びの",
      "location": "晶宮",
      "themeId": "crystal",
      "band": 4
    }
  ],
  "nameSha256": "0c3c720d06b6af31e311c27fab4eac2ad55abbc083d6b6e10afd2da7fdab8687",
  "structureSha256": "c1dbc28cf7bfc9f78fffa32281d8d001b4b0a1a8f1aa2f146cb5d0a5559f0e95",
  "passed": true
}
